// Jest Snapshot v1, https://goo.gl/fbAQLP

exports[`Search renders correctly 1`] = `
<DocumentFragment>
  <form
    class="searchContainer"
  >
    <input
      class="searchInput"
      placeholder="Search..."
      type="text"
    />
    <button
      class="submitButton"
      type="submit"
    >
      Search
    </button>
  </form>
</DocumentFragment>
`;
